// Jest Snapshot v1, https://goo.gl/fbAQLP

exports[`<Login/> Login should render correctly 1`] = `
<div
  className="container"
>
  <div
    className="row middle-xs text-center"
  >
    <div
      className="col-xs-12 col-sm-6 col-sm-offset-3"
    >
      <h1>
        Welcome to Letters Social!
        <br />
      </h1>
      <br />
      <p>
        This is a sample app built with 
        <a
          href="https://facebook.github.io/react/"
          rel="noopener noreferrer"
          target="_blank"
        >
          React
        </a>
         for 
        <em>
          React in Action
        </em>
         by me (Mark Thomas). Feel free to sign in with one of the tools below or use an email and password. The app will never post, email, or do anything without your permission, it is just for learning purposes
      </p>
      <br />
    </div>
  </div>
  <div
    className="row"
  >
    <div
      className="col-xs-12 col-sm-6 col-sm-offset-3"
    >
      <form>
        <div
          className="row center-xs"
        >
          <div
            className="col-xs-12"
          >
            <button
              className="btn btn-default btn-block"
              onClick={[Function]}
            >
              <i
                className="fa fa-github"
              />
               log in with Github
            </button>
          </div>
        </div>
      </form>
    </div>
  </div>
</div>
`;
