exports[`test NotFound should render correctly 1`] = `
<div
  className="container">
  <div
    className="row middle-xs center-xs">
    <div
      className="col-xs-12"
      style={
        Object {
          "padding": "10% 0",
        }
      }>
      <img
        alt=""
        src="https://s3.amazonaws.com/learn-react/assets/not-found/404.gif" />
      <h2>
        Not found :(
      </h2>
      <button
        className="btn btn-default"
        onClick={[Function]}>
        go back home
      </button>
    </div>
  </div>
</div>
`;
