// Jest Snapshot v1, https://goo.gl/fbAQLP

exports[`Single post page snapshot 1`] = `
<div
  className="single-post"
>
  <div
    className="back"
    onClick={[Function]}
  >
    <i
      className="fa fa-arrow-left"
    />
     Back
  </div>
  <div
    className="ad"
  >
    <a
      href="https://www.manning.com/books/react-in-action"
      rel="noreferrer noopener"
      target="_blank"
    >
      <img
        alt="React in Action by Mark Thomas | Manning Publications"
        className="img-responsive"
        src="/static/assets/ads/ria.png"
      />
    </a>
    <small>
      ads by Letters
    </small>
  </div>
</div>
`;
