// Jest Snapshot v1, https://goo.gl/fbAQLP

exports[`Profile should render correctly 1`] = `
<div
  className="profile"
>
  <div
    className="row"
  >
    <div
      className="col-xs-offset-2 col-xs-8"
    >
      <h2>
        Profile settings!
      </h2>
      <input
        onChange={[Function]}
        type="text"
      />
    </div>
  </div>
</div>
`;
