// Jest Snapshot v1, https://goo.gl/fbAQLP

exports[`Navigation should render with a user 1`] = `
<nav
  className="navbar"
>
  <div
    className="logo"
    onClick={[Function]}
    style={
      Object {
        "fontSize": "1.75em",
      }
    }
  >
    L
  </div>
  <span
    className="user-nav-widget"
  >
    <span>
      name
    </span>
    <img
      alt="name"
      className="img-circle"
      src="pic"
      width={40}
    />
    <span
      onClick={[Function]}
    >
      <i
        className="fa fa-sign-out"
      />
    </span>
  </span>
</nav>
`;

exports[`Navigation should render without user 1`] = `
<nav
  className="navbar"
>
  <div
    className="logo"
    onClick={[Function]}
    style={
      Object {
        "fontSize": "1.75em",
      }
    }
  >
    L
  </div>
  <span
    className="user-nav-widget"
  >
    <span>
      name
    </span>
    <img
      alt="name"
      className="img-circle"
      src="pic"
      width={40}
    />
    <span
      onClick={[Function]}
    >
      <i
        className="fa fa-sign-out"
      />
    </span>
  </span>
</nav>
`;
