exports[`<Comment/> should render correctly 1`] = `
<div
  className="comment">
  <img
    alt="content"
    height={50}
    src="profilePicture"
    width={50} />
  <a>
    mark
     
    thomas
  </a>
  <small
    className="date">
     
    a few seconds ago
     
  </small>
  <p>
     
    content
     
  </p>
</div>
`;
